// Jest Snapshot v1, https://goo.gl/fbAQLP

exports[`XmlPreview Deve renderizar corretamente o t√≠tulo do preview 1`] = `
<div>
  <div
    class="mt-8 space-y-4"
  >
    <h3
      class="text-lg font-semibold text-gray-700"
    >
      Preview do XML PMDL
    </h3>
    <div
      class="rounded-lg overflow-hidden border border-gray-200 relative"
    >
      <button
        class="absolute right-2 top-2 bg-gray-800 text-white px-3 py-1 rounded-md text-sm hover:bg-gray-700 transition-colors"
      >
        Copiar
      </button>
      <pre
        data-testid="xml-preview"
        style="color: rgb(197, 200, 198); text-shadow: 0 1px rgba(0, 0, 0, 0.3); font-family: Inconsolata, Monaco, Consolas, 'Courier New', Courier, monospace; direction: ltr; text-align: left; white-space: pre; word-spacing: normal; word-break: normal; line-height: 1.5; tab-size: 4; hyphens: none; padding: 1.5rem; margin: 0px; overflow: auto; border-radius: 0.3em; background: rgb(29, 31, 33); font-size: 0.875rem;"
      >
        <code
          class="language-xml"
          style="white-space: pre; color: rgb(197, 200, 198); text-shadow: 0 1px rgba(0, 0, 0, 0.3); font-family: Inconsolata, Monaco, Consolas, 'Courier New', Courier, monospace; direction: ltr; text-align: left; word-spacing: normal; word-break: normal; line-height: 1.5; tab-size: 4; hyphens: none;"
        >
          <span
            class="token"
            style="color: rgb(197, 200, 198);"
          >
            &lt;
          </span>
          <span
            class="token"
            style="color: rgb(150, 203, 254);"
          >
            pricing-model
          </span>
          <span
            class="token"
            style="color: rgb(197, 200, 198);"
          >
            &gt;
          </span>
          <span>
            

          </span>
          <span>
              
          </span>
          <span
            class="token"
            style="color: rgb(197, 200, 198);"
          >
            &lt;
          </span>
          <span
            class="token"
            style="color: rgb(150, 203, 254);"
          >
            qualifier
          </span>
          <span
            class="token"
            style="color: rgb(197, 200, 198);"
          >
            &gt;
          </span>
          <span>
            

          </span>
          <span>
                
          </span>
          <span
            class="token"
            style="color: rgb(197, 200, 198);"
          >
            &lt;
          </span>
          <span
            class="token"
            style="color: rgb(150, 203, 254);"
          >
            equals
          </span>
          <span
            class="token"
            style="color: rgb(197, 200, 198);"
          >
            &gt;
          </span>
          <span>
            

          </span>
          <span>
                  
          </span>
          <span
            class="token"
            style="color: rgb(197, 200, 198);"
          >
            &lt;
          </span>
          <span
            class="token"
            style="color: rgb(150, 203, 254);"
          >
            value
          </span>
          <span
            class="token"
            style="color: rgb(197, 200, 198);"
          >
            &gt;
          </span>
          <span>
            order.total
          </span>
          <span
            class="token"
            style="color: rgb(197, 200, 198);"
          >
            &lt;/
          </span>
          <span
            class="token"
            style="color: rgb(150, 203, 254);"
          >
            value
          </span>
          <span
            class="token"
            style="color: rgb(197, 200, 198);"
          >
            &gt;
          </span>
          <span>
            

          </span>
          <span>
                  
          </span>
          <span
            class="token"
            style="color: rgb(197, 200, 198);"
          >
            &lt;
          </span>
          <span
            class="token"
            style="color: rgb(150, 203, 254);"
          >
            constant
          </span>
          <span
            class="token"
            style="color: rgb(197, 200, 198);"
          >
            &gt;
          </span>
          <span>
            

          </span>
          <span>
                    
          </span>
          <span
            class="token"
            style="color: rgb(197, 200, 198);"
          >
            &lt;
          </span>
          <span
            class="token"
            style="color: rgb(150, 203, 254);"
          >
            data-type
          </span>
          <span
            class="token"
            style="color: rgb(197, 200, 198);"
          >
            &gt;
          </span>
          <span>
            number
          </span>
          <span
            class="token"
            style="color: rgb(197, 200, 198);"
          >
            &lt;/
          </span>
          <span
            class="token"
            style="color: rgb(150, 203, 254);"
          >
            data-type
          </span>
          <span
            class="token"
            style="color: rgb(197, 200, 198);"
          >
            &gt;
          </span>
          <span>
            

          </span>
          <span>
                    
          </span>
          <span
            class="token"
            style="color: rgb(197, 200, 198);"
          >
            &lt;
          </span>
          <span
            class="token"
            style="color: rgb(150, 203, 254);"
          >
            string-value
          </span>
          <span
            class="token"
            style="color: rgb(197, 200, 198);"
          >
            &gt;
          </span>
          <span>
            100
          </span>
          <span
            class="token"
            style="color: rgb(197, 200, 198);"
          >
            &lt;/
          </span>
          <span
            class="token"
            style="color: rgb(150, 203, 254);"
          >
            string-value
          </span>
          <span
            class="token"
            style="color: rgb(197, 200, 198);"
          >
            &gt;
          </span>
          <span>
            

          </span>
          <span>
                  
          </span>
          <span
            class="token"
            style="color: rgb(197, 200, 198);"
          >
            &lt;/
          </span>
          <span
            class="token"
            style="color: rgb(150, 203, 254);"
          >
            constant
          </span>
          <span
            class="token"
            style="color: rgb(197, 200, 198);"
          >
            &gt;
          </span>
          <span>
            

          </span>
          <span>
                
          </span>
          <span
            class="token"
            style="color: rgb(197, 200, 198);"
          >
            &lt;/
          </span>
          <span
            class="token"
            style="color: rgb(150, 203, 254);"
          >
            equals
          </span>
          <span
            class="token"
            style="color: rgb(197, 200, 198);"
          >
            &gt;
          </span>
          <span>
            

          </span>
          <span>
              
          </span>
          <span
            class="token"
            style="color: rgb(197, 200, 198);"
          >
            &lt;/
          </span>
          <span
            class="token"
            style="color: rgb(150, 203, 254);"
          >
            qualifier
          </span>
          <span
            class="token"
            style="color: rgb(197, 200, 198);"
          >
            &gt;
          </span>
          <span>
            

          </span>
          <span />
          <span
            class="token"
            style="color: rgb(197, 200, 198);"
          >
            &lt;/
          </span>
          <span
            class="token"
            style="color: rgb(150, 203, 254);"
          >
            pricing-model
          </span>
          <span
            class="token"
            style="color: rgb(197, 200, 198);"
          >
            &gt;
          </span>
        </code>
      </pre>
    </div>
  </div>
</div>
`;
