// Jest Snapshot v1, https://goo.gl/fbAQLP

exports[`QualifierEditor deve exibir botões de adição quando não houver qualificador 1`] = `
<div>
  <div
    class="mb-6 p-4 border rounded-lg bg-gray-50"
  >
    <h3
      class="text-lg font-semibold text-gray-700"
    >
      Qualificador
    </h3>
    <p
      class="text-gray-500 text-sm"
    >
      Nenhuma condição adicionada.
    </p>
    <div
      class="mt-4 flex gap-2"
    >
      <button
        class="bg-blue-500 text-white px-4 py-2 rounded-md hover:bg-blue-600 transition-colors"
        data-testid="add-and-group"
      >
        + Adicionar Grupo (AND)
      </button>
      <button
        class="bg-green-500 text-white px-4 py-2 rounded-md hover:bg-green-600 transition-colors"
        data-testid="add-or-group"
      >
        + Adicionar Grupo (OR)
      </button>
      <button
        data-testid="add-simple-condition"
      >
        + Adicionar Condição Simples
      </button>
    </div>
  </div>
</div>
`;
