// Jest Snapshot v1, https://goo.gl/fbAQLP

exports[`DiscountForm should render correctly the form 1`] = `
<div>
  <div
    class="bg-gray-50 p-4 rounded-lg border"
  >
    <h3
      class="text-lg font-semibold text-gray-700 mb-4"
    >
      ðŸ’° Configurar Desconto
    </h3>
    <div
      class="grid grid-cols-1 md:grid-cols-2 gap-4"
    >
      <div
        class="space-y-2"
      >
        <label
          class="block text-sm font-medium text-gray-600"
          for="discountType"
        >
          Tipo de Desconto
        </label>
        <select
          class="w-full p-2 border rounded-md bg-white focus:ring-2 focus:ring-blue-500"
          id="discountType"
        >
          <option
            value="percentOff"
          >
            Porcentagem (%)
          </option>
          <option
            value="amountOff"
          >
            Valor Fixo (R$)
          </option>
          <option
            value="fixedPrice"
          >
            PreÃ§o Fixo
          </option>
        </select>
      </div>
      <div
        class="space-y-2"
      >
        <label
          class="block text-sm font-medium text-gray-600"
          for="discountValue"
        >
          Porcentagem
        </label>
        <div
          class="relative"
        >
          <span
            class="absolute left-3 top-1/2 -translate-y-1/2 text-gray-500"
          >
            %
          </span>
          <input
            class="w-full p-2 pl-8 border rounded-md"
            id="discountValue"
            min="0"
            placeholder="Ex: 10"
            step="1"
            type="number"
            value="10"
          />
        </div>
      </div>
    </div>
    <p
      class="mt-3 text-sm text-gray-500"
    >
      O desconto serÃ¡ aplicado como porcentagem sobre o total.
    </p>
  </div>
</div>
`;
